.
.ua
10minutemail.com
1337x.to
24.kg
3os.org
4freerussia.org
4pda.to
4pda.ws
4pna.com
5sim.net
7dniv.rv.ua
7tv.app
7tv.io
9tv.co.il
a
a-vrv.akamaized.net
abercrombie.com
abook-club.ru
academy.terrasoft.ua
acclaimedvideogames.com
account-public-service-prod03.ol.epicgames.com
account.samsung.com
accountportal-website-prod07.ol.epicgames.com
accounts.epicgames.com
activatica.org
adbappcontrol.com
adguard-vpn.com
adguard.com
adidas.com
adminforge.de
adobe.com
adobe.io
adobe.net
ads-twitter.com
adultmult.tv
affinity.studio
agents.media
ahrefs.com
ai-chat.bsg.brave.com
ai.com
ai.google.dev
aida.googleapis.com
aircanada.com
aisandbox-pa.googleapis.com
aistudio.google.com
aitestkitchen.withgoogle.com
ajay.app
akc.org
alkalimakersuite-pa.clients6.google.com
all3dp.com
allawnos.com
allegro.pl
alphacoders.com
alterportal.net
alza.hu
amazfitwatchfaces.com
amazon.com
amazonaws.com
amdm.ru
amedia.site
amnezia.org
amplitude.com
amx.com
analog.com
andrevi.ch
android.clients.google.com
anidub.com
anilib.me
aniliberty.top
anilibria.org
anilibria.tv
anilibria.uno
anilibria.wtf
animaunt.org
anime-portal.su
animebest.org
animedia.tv
animego.org
animespirit.ru
anistar.org
anistars.ru
annas-archive.org
ansys.com
anthropic.com
anthropic.qualtrics.com
antigravity-pa.googleapis.com
antigravity-unleash.goog
antigravity.google
antigravity.googleapis.com
any.do
aol.com
api.jetbrains.ai
api.samsungadhub.com
api.service-kp.com
api.theins.info
api.themoviedb.org
apkmirror.com
apps.samsung.com
arbat.media
arc.net
archive.ph
archiveofourown.org
archlinux.org
arduino.cc
armbian.com
armbian.de
artixlinux.org
artstation.com
as6723.net
assets.heroku.com
assistant-s3-pa.googleapis.com
atlassian.com
atn.ua
att.com
attachments.f95zone.to
atv4.dnskp.cc
audiobookbay.lu
augmentcode.com
autodesk.com
avira.com
azathabar.com
azattyq.org
babepedia.com
babook.org
backend-v2.crixet.com
baginya.org
baikal-journal.ru
bard.google.com
bato.to
bbc.co.uk
bbc.com
bbci.co.uk
bcbits.com
beacons.gvt2.com
beamng.com
beatmods.com
beatsaver.com
bell-sw.com
bellingcat.com
bestbuy.com
bestchange.ru
bihus.info
bitbucket.org
bitdefender.com
bitnami.com
bitru.org
bitvise.com
blackhatworld.com
blackseanews.net
blinkshot.io
bluehost.com
booktracker.org
boominfo.org
booth.pm
booth.pximg.net
bosch.com
boschaftermarket.com
boschautoparts.com
botnadzor.org
brawlstarsgame.com
britishcouncil.org
broadcom.com
broncosportforum.com
bsmanager.io
bt4gprx.com
btdig.com
btod.com
buanzo.org
buf.build
bufferbloat.net
builds.parsec.app
buymeacoffee.com
byteoversea.com
c
callfilter.app
canva.com
canva.dev
capacitorjs.com
capcut.com
capcutapi.com
capcutstatic.com
capcutvod.com
carnegieendowment.org
carrefouruae.com
catalog.sf.dl.delivery.mp.microsoft.com
cats.com
cbilling.eu
cbilling.vip
cdn-lfs-eu-1.hf.co
cdn-lfs-us-1.hf.co
cdn-lfs.hf.co
cdn-lfs.huggingface.co
cdn-service.space
cdn-telegram.org
cdn.embedly.com
cdn.polyhaven.com
cdn.web-global.fds.api.mi-img.com
cdn.web-platform.io
cdnbunny.org
cdninstagram.com
cdnjs.com
cdromance.org
cdw.com
censor.net
censortracker.org
chainreactioncycles.com
chaos.com
charhub.io
chat.com
chat.openai.com.cdn.cloudflare.net
chatgpt.com
chaturbate.com
check-host.net
cherta.media
chess.com
chesscomfiles.com
chub.ai
circlecrewpinkcrowd.com
cisco.com
cisecurity.org
citrix.com
clamav.net
clashofclans.com
clashroyaleapp.com
clashverge.dev
claude.ai
claude.com
clerk.com
clerk.dev
clevelandclinic.org
clickup-attachments.com
clickup.com
clients6.google.com
clip.opus.pro
cloudflare.com
cloudflarestatus.com
cloudflarestorage.com
cloudfront.net
cloudns.net
cloudtorrents.com
clubtv.pro
cms-twdigitalassets.com
cnd2exp.online
cochrane.org
cock.li
code.gist.build
codeium.com
codelinaro.org
coderabbit.ai
coingate.com
coinpayments.net
coinsbee.com
coldfilm.city
coldfilm.ink
coldfilm.xyz
colta.ru
comments.app
community.sophos.com
connect.ngrok-agent.com
connectivitycheck.gstatic.com
consensus.app
contabo.com
contest.com
convertunits.com
coomer.su
copilot.microsoft.com
corsair.com
coursera.org
cpu-monkey.com
crdroid.net
credly.com
croxyproxy.com
crunchyroll.com
csskor.ill.in.ua
cub.red
currenttime.tv
curseforge.com
cursor-cdn.com
cursor.sh
cursorapi.com
cursorinfo.co.il
customfw.xyz
cvedetails.com
cyberghostvpn.com
cyxymu.info
d
d4c.nintendo.net
daemon-tools.cc
dailylviv.com
danbooru.donmai.us
dashboard.algolia.com
dashboard.gitguardian.com
data-cdn.mbamupdates.com
data.cline.bot
deckbrew.xyz
decrypt.day
deepl.com
deepmind.com
deepmind.google
deepstatemap.live
deezer.com
delfi.lt
delfi.lv
delivery.2d.net.co
dell.com
dellcdn.com
depositphotos.com
desec.io
designer.microsoft.com
designify.com
dev.to
developer.nvidia.com
devexpress.com
deviantart.com
diabrowser.com
digash.live
digikey.com
digitalcontent.sky
digitalocean.com
dis.gd
discogs.com
discord-activities.com
discord-attachments-uploads-prd.storage.googleapis.com
discord.co
discord.com
discord.design
discord.dev
discord.gg
discord.gift
discord.gifts
discord.media
discord.new
discord.store
discord.tools
discordactivities.com
discordapp.com
discordapp.net
discordmerch.com
discordpartygames.com
discordsays.com
discours.io
discourse-cdn.com
disctech.com
disneyplus.com
dockhand.pro
docs.google.com
docs.liquibase.com
document360.com
document360.io
dodopayments.com
dorama.live
doramalive.ru
doramy.club
dosvid.tk
dovod.online
download3.omnissa.com
downloads.intercomcdn.com
doxa.team
dpidetector.org
dragons.nintendo.net
dreamerscast.com
dreamhost.com
drive.google.com
drive.usercontent.google.com
drpool.io
ds-servers.com
dub.sh
ducati.com
dumka.media
dvprogram.state.gov
dw.com
dyson.com
e
e-hentai.org
e621.net
eaaccounts.akamaized.net
easydmarc.com
easysimplesolution.net
echofm.online
editorx.com
edu-cisco.org
edx.org
ef.com
ef.edu
eggertspiele.de
ej.ru
ekhokavkaza.com
element14.com
elements.envato.com
elevenlabs.io
elsevier.com
elsevier.com.cdn.cloudflare.net
eneba.com
entitlement-public-service-prod08.ol.epicgames.com
epidemz.net.co
eporner.com
eshop.nintendo.net
espreso.tv
etahub.com
etsy.com
euronews.com
europesays.com
euroradio.fm
eutrp.eu
everand.com
exchanger.bits.media
exler.es
expandrive.com
expres.online
extremetech.com
ezgif.com
f
f1.com
f95-zone.to
facebook.com
facebook.net
fandom.com
fansly.com
fapello.com
fast-torrent.club
fast.com
fastpic.org
fb.com
fbcdn.net
fbsbx.com
fedoraproject.org
feeds.feedburner.com
ficbook.net
figshare.com
filebin.net
filmitorrent.net
filmix.ac
filmix.biz
filmix.day
filmix.fan
filmix.fm
filmix.la
filmix.my
firebaseinstallations.googleapis.com
fivetran.com
flathub.org
flclash.cc
flibusta.is
flibusta.net
flipboard.com
flir.com
flir.eu
flisland.net
flourish.studio
fls.guru
fluke.com
flukenetworks.com
flyertalk.com
fn-volga.ru
fonge.org
footballapi.pulselive.com
force-user-content.com
force.com
forklog.com
formula1.com
fortanga.org
forum.netgate.com
forum.ru-board.com
forum.syncthing.net
fosshub.com
fossorial.io
foxnews.com
fragment.com
framer.app
framer.com
framercanvas.com
framercdn.com
framerstatic.com
framerusercontent.com
freedomletters.org
freeimages.com
freemedia.io
freeones.com
friendlyelec.com
fwupd.org
fxnetworks.com
g
g2a.com
gagadget.com
galaxy.ansible.com
gamedistribution.com
gamesrepack.com
gamestop.com
gaming.amazon.com
geekbench.com
geforcenow.com
gelbooru.com
geller-pa.googleapis.com
gemini.google
gemini.google.com
generativeai.google
generativelanguage.googleapis.com
genspark.ai
geolocation.onetrust.com
germania.one
getoutline.com
getoutline.org
gfn.am
ggpht.com
ghostrc.game.idtech.services
gifyu.com
git.new
gitlab.com
gizmochina.com
glavred.info
glavred.net
global.fncstatic.com
glpals.com
gnome.org
godaddy.com
gofile.io
gofund.me
gofundme.com
golosameriki.com
gonift.com
gonitro.com
goodreads.com
googleplay.com
googleusercontent.com
googlevideo.com
gopro.com
gpsonextra.net
gpu-monkey.com
gql.twitch.tv
gr-assets.com
grafana.com
grafana.net
grani.ru
graph.org
graty.me
graylog.org
grizzlysms.com
grok.com
grok.x.com
groq.com
groupon.com
guilded.gg
gulagu.net
gvt1.com
h
habr.com
hackernoon.com
hackmd.io
halooglasi.com
hashicorp.com
haydaygame.com
hbomax.com
hc-ping.com
hchk.io
hd-rezka.tv
hdkinoteatr.com
hdrezka.ac
hdrezka.ag
hdrezka.app
hdrezka.me
hdrezka.tech
hdrezka.tv
hdrzk.org
hdstudio.org
healthline.com
heavyfetish.com
helpdesk-static.com
helpdesk.com
heltec.org
hentai-foundry.com
herokucdn.com
hetzner.cloud
hetzner.com
higgsfield.ai
hitomi.la
hollisterco.com
holod.media
home-connect.com
home.by.me
hostero.eu
hostgator.com
hostinger.com
hotels.com
housebrand.com
howtogeek.com
hqporner.com
hromadske.ua
hs.fi
htmhell.dev
httptoolkit.com
htx.com
huggingface.co
hume.ai
hybrid-analysis.com
i
i.sakh.com
ibm.com
ibytedtos.com
idelreal.org
iditelesombase.org
idolcomplex.com
iedb.org
ig.me
ign.com
iherb.com
iichan.hk
ikea.com
ilook.tv
image.tmdb.org
imagedelivery.net
imazing.com
img-config.samsungapps.com
imgbb.com
imgur.com
imigo.ai
important-stories.com
incy.cc
indeed.com
indiehackers.com
infineon.com
inoreader.com
insearch.site
instagram.com
install.launcher.omniverse.nvidia.com
intel.com
intel.de
intel.nl
intelix.sophos.com
interactivebrokers.co.uk
intercom.io
interfax.com.ua
internalfb.com
intuit.com
intuitibits.com
ionos.com
iot334.com
ipinfo.app
iptv.online
irc-ws.chat.twitch.tv
is.fi
istories.media
itch.io
itninja.com
itsmycity.ru
ixxx.com
izzysoft.de
jamf.com
jellyfin.org
jetbrains.com
jetbrains.space
jetbrains.team
jinxxy.com
jnn-pa.googleapis.com
joesandbox.com
joeysretrohandhelds.com
jskor.ill.in.ua
jules.google
jules.google.com
jut-su.net
jut.su
kaktus.media
kaleido.ai
kamatera.com
kara.su
karing.app
kasparov.ru
kavkaz-uzel.eu
kavkazr.com
kde.org
kemono.su
keysight.com
kilo.ai
kilocode.ai
kino.pub
kinogo.ec
kinogo.la
kinogo.uk
kinopub.me
kinovod.net
kinozal.guru
kinozal.me
kinozal.tv
kinozaltv.life
klarna.com
kmail-lists.com
knews.kg
knowyourmeme.com
kolsar.org
kor.ill.in.ua
korrespondent.net
kovcheg.live
krymr.com
kupujemprodajem.com
kym-cdn.com
kyoceradocumentsolutions.com
l
labs.google
lambdalabs.com
lamcdn.net
langdock.com
lantern.io
last.fm
launcher-public-service-prod06.ol.epicgames.com
launcherwaitingroom-public-service-prod06.ol.epicgames.com
lcprd1.samsungadhub.com
ldoceonline.com
le-production.tv
leafletjs.com
legalshield.com
lenso.ai
lgeapi.com
lgthinq.com
lh3.googleusercontent.com
lib.rus.ec
libgen.li
libria.fun
licdn.com
lidarr.audio
lifeforge.dev
lifehacker.com
liga.net
lightning.ai
linear.app
lingq.com
linkedin.com
linktr.ee
linuxserver.io
litellm.ai
livechat.com
livechatinc.com
livetv.sx
liveuamap.com
llhost.eu
locals.md
localsend.org
log-config.samsungadhub.com
lolz.guru
lookerstudio.google.com
losslessclub.com
lostfilm.download
lostfilm.tv
lostfilm.tw
lostfilm.uno
lostfilmtv2.site
lowendtalk.com
lu4.org
luadns.com
lucid.app
lyst.com
m
magaz.global
magicalchemy.org
mail-api.proton.me
mailerlite.com
mailfence.com
mailinator.com
mailo.com
make.com
makersuite.google.com
malwarebytes.com
manga-chan.me
mangadex.org
mangahub.ru
mangapark.net
manjaro.org
manus.im
manybooks.net
manyvids.com
marvelsnap.com
mashable.com
mattermost.com
max.com
maximoff.su
mbk-news.appspot.com
mdpi.com
media5.cdnbase.com
mediafilez.forgecdn.net
mediazona.ca
medicalnewstoday.com
medium.com
meduza.io
meetup.com
mega.nz
megapeer.ru
megapeer.vip
memepedia.ru
merezha.co
meshtastic.org
meta.com
metacritic.com
metal-archives.com
metla.press
metopera.org
mezha.net
middlewareinventory.com
mignews.com
mintmobile.com
miracleptr.wordpress.com
mirror.chaotic.cx
mixcloud.com
mmcdn.com
modrinth.com
mongodb.com
monochrome.tf
monolisa.dev
monoprice.com
more.fm
moscowtimes.ru
mouser.com
mouser.fi
mssg.me
mullvad.net
multisim.com
multporn.net
muscdn.com
music.apple.com
musical.ly
musicbrainz.org
musixmatch.com
mw2.wiki
myanimelist.net
mydoramy.club
myheritage.com
myjetbrains.com
myparallels.com
myqrcode.com
n
navalny.com
nba.com
neformat.com.ua
neo4j.com
netacad.com
netapp.com
netbird.io
netflix.ca
netflix.com
netflix.net
netflixinvestor.com
netflixtechblog.com
netlify.com
networksolutions.com
new.abb.com
newark.com
news.google.com
newsroom.porsche.com
newsru.co.il
newsru.com
newtimes.ru
nextcloud.com
nextdirect.com
nexusmods.com
nfl.com
nflxext.com
nflximg.com
nflximg.net
nflxsearch.net
nflxso.net
nflxvideo.net
ngrok.com
nhentai.com
nhentai.net
nhl.com
ni.com
nih.gov
nike.com
nintendo.com
nippon.com
nitropdf.com
nixos.org
nnmclub.to
nnmstatic.win
nordaccount.com
nordcdn.com
nordvpn.com
notebooklm.google
notebooklm.google.com
notepad-plus-plus.org
notion-emojis.s3-us-west-2.amazonaws.com
notion-static.com
notion.com
notion.new
notion.site
notion.so
novaline.fm
novaya.no
novayagazeta.eu
novayagazeta.ru
novyny.live
ntc.party
ntp.msn.com
nude-moon.org
nuxt.com
nvidia.com
nxp.com
o
o.pki.goog
oaistatic.com
oaiusercontent.com
obozrevatel.com
ocbase.com
ocstore.com
octopus.do
oculus.com
ohmyswift.ru
oi.legal
okx.com
olx.ua
omnissa.com
omv-extras.org
one.one.one.one
onfastspring.com
onlinesim.io
onshape.com
openai.com
opencode.ai
openh264.org
openmedia.io
openrailwaymap.org
openrouter.ai
opensanctions.org
opensea.io
opensubtitles.org
opentext.com
opentrackr.org
openwrt.org
opintopolku.fi
opposition-news.com
oracle.com
oraclecloud.com
ott.samsungadhub.com
ovd.info
ovd.legal
ovd.news
ovdinfo.org
ovh.ie
ozodi.org
paddle.com
paddlestatus.com
pages.dev
pandasecurity.com
pantone.com
pap.pl
paperpaper.io
paperpaper.ru
parallels.cn
parallels.com
parallels.net
parallelsaccess.com
paritydeals.com
pastebin.com
patreon.com
patreonusercontent.com
patriot.dp.ua
patterns.dev
paywithmoon.com
pb.wtf
pcgamesn.com
pcmag.com
pdfcoffee.com
penguin.com
penguinrandomhouse.com
periscope.tv
pexels.com
philiascans.org
phncdn.com
phncdn.com.sds.rncdn7.com
pimpletv.ru
pinata.cloud
ping-admin.com
pingdom.com
pinia-colada.esm.dev
pinterest.com
piratbit.top
pixabay.com
pixiv.net
pkgs.tailscale.com
plantuml.com
platform.activestate.com
play-fe.googleapis.com
play-games.googleusercontent.com
play-lh.googleusercontent.com
play.google.com
play.googleapis.com
playboy.com
plugshare.com
polit.ru
politico.eu
politiken.dk
polymarket.com
porkbun.com
pornhub.com
pornhub.org
pornolab.net
portal.lviv.ua
posle.media
posthog.com
postimees.ee
pplx-res.cloudinary.com
pravda.com
pravda.com.ua
premierleague.com
primark.com
primevideo.com
primevue.org
privatekeys.pw
prnt.sc
proactivebackend-pa.googleapis.com
prod-lt-playstoregatewayadapter-pa.googleapis.com
production-openaicom-storage.azureedge.net
proekt.media
profitwell.com
pronouns.page
prosleduetmedia.com
prostovpn.org
proton.me
protondb.com
protonvpn.com
provereno.media
prowlarr.com
pscp.tv
psiphon.ca
pstatic.net
pstmn.io
public.parsec.app
pusher.com
pvpessence.com
pypi.org
qobuz.com
qodana.cloud
qoder.com
qt.io
qualcomm.com
qualtrics.com
quicknode.com
quiz.directory
quora.com
quora.com.cdn.cloudflare.net
qwant.com
r
r4.err.ee
radiojar.com
radiosakharov.org
radiosvoboda.org
rbc.ua
rbxcdn.com
rbxinfra.net
reactflow.dev
realbooru.com
realist.online
recraft.ai
reddit.com
reddxxx.com
redgifs.com
redis.io
redislabs.com
redshieldvpn.com
redux.js.org
refactoring.guru
remna.st
remove.bg
render-state.to
rentry.co
rentry.org
republic.ru
research.net
resizing.flixster.com
restream.io
returnyoutubedislikeapi.com
reve.art
rezka-ua.in
rezka.ag
rezka.cc
rezka.fi
rezka.land
rezka.my
rezka.tv
rezkify.com
rezonans.media
rf.dobrochan.net
rferl.org
rima.media
riperam.org
riseup.net
roar-review.com
robinfrontend-pa.googleapis.com
roblox.com
robloxdev.com
root-nation.com
rosepinetheme.com
roskomsvoboda.org
rottentomatoes.com
rublacklist.net
rule34.art
rule34.us
rule34.xxx
rulet.tv
rus.delfi.ee
rus.jauns.lv
ruscryde.net
russianfood.com
rustorka.com
rutor.info
rutor.is
rutor.org
rutracker.cc
rutracker.net
rutracker.org
rutracker.ru
rutracker.wiki
sakhalin.info
sakharovfoundation.org
salesforce-experience.com
salesforce-hub.com
salesforce-scrt.com
salesforce-setup.com
salesforce-sites.com
salesforce.com
salesforceiq.com
salesforceliveagent.com
samsungapps.com
samsungcloudsolution.com
samsungcloudsolution.net
samsungosp.com
sankakuapi.com
sankakucomplex.com
sankakustatic.com
sap.com
saverudata.net
sb-cd.com
sbox.game
schneider-electric.com
sci-hub.se
sci-hub.st
scira.ai
scribd.com
scrollrevealjs.org
scryde.io
scryde.net
scryde.ru
scryde.world
scryde1.net
scryde10.net
scryde11.net
scryde12.net
scryde2.net
scryde3.net
scryde4.net
scryde5.net
scryde6.net
scryde7.net
scryde8.net
scryde9.net
sdxcentral.com
se.com
searchfloor.org
seasonvar.ru
seconddinnertech.com
selezen.org
semnasem.org
semrush.com
sentry.dev
sentry.io
sephora.com
seriesgraph.com
servarr.com
severreal.org
sfdcopens.com
shara-mail.com
sharefile.com
sharefile.io
shikimori.me
shikimori.one
shinyhardware.co.uk
shiza-project.com
shop.gameloft.com
showip.net
sibreal.org
signal.org
sigsauer.com
silabs.com
simplex.chat
simplex.im
simplix.info
sing-box.sagernet.org
singlekey-id.com
site.com
siteground.com
skat.media
sketchup.com
skiff.com
skillsforall.com
skladchik.com
sklatchiki.ru
sky.com
skycdp.com
slashlib.me
slavicsac.com
slifki.biz
smartbear.co
smartbear.com
smartdeploy.com
smods.ru
sms-activate.io
snapgametech.com
snapgene.com
sndcdn.com
snikket.org
snort.org
snyk.io
sobesednik.com
solarwinds.com
sonara.ai
sophos.com
sora.com
sotaproject.com
soundcloud.cloud
soundcloud.com
sovetromantica.com
spacelift.io
spankbang.com
speechs3proto2-pa.googleapis.com
speedtest.net
spektr.press
spiceworks.com
spiegel.de
spitfireaudio.com
spotify.com
spreadthesign.com
sputnikipogrom.com
squadbustersgame.com
squareup.com
squietpc.com
srv.nintendo.net
startmail.com
startpage.com
static.lostfilm.top
static.wixstatic.com
statology.org
steamos.cloud
steamstat.info
stitch.withgoogle.com
storybook.js.org
strana.news
strana.today
strapi.io
strava.com
streamable.com
stripe.com
stripecdn.com
studyinfinland.fi
succurity.com
suggestqueries.google.com
supercell.com
supersliv.biz
support.anydesk.com
support.xerox.com
surfshark.com
surveymonkey.com
suspilne.media
svidomi.in.ua
svoboda.org
svoi.kr.ua
svtv.org
swagger.io
swapd.co
swissinfo.ch
sxyprn.com
sxyprn.net
synoforum.com
syslog-ng.com
t
t-invariant.org
t.co
t.me
tableau.com
tailwind-variants.org
talosintelligence.com
tayga.info
tdesktop.com
te-st.org
teamviewer.com
techbargains.com
tefl.org
telega.one
telegra.ph
telegraf.by
telegraf.news
telegram-cdn.org
telegram.dog
telegram.me
telegram.org
telegram.space
telegraph.co.uk
telemetr.io
telesco.pe
tellapart.com
tempmail.plus
temu.com
terraform.io
text.com
tg.dev
the-village.ru
theaudiodb.com
thebarentsobserver.com
thebell.io
theins.press
theins.ru
thelancet.com
themoscowtimes.com
themoviedb.org
thepiratebay.org
theporndude.com
thetruestory.news
thetvdb.com
threads.com
threads.net
threema.ch
ti.com
tidal.com
tik-tokapi.com
tiktok.com
tiktokcdn-eu.com
tiktokcdn-us.com
tiktokcdn.com
tiktokd.net
tiktokd.org
tiktokv.com
tiktokv.eu
tiktokv.us
tiktokw.us
timberland.de
tiny.cloud
tiptop-vpn.com
tmdb-image-prod.b-cdn.net
tmdb.com
tmdb.org
ton.org
toolbox.app
torproject.org
torrenteditor.com
torrentgalaxy.to
trae.ai
trailblazer.me
trailhead.com
transferwise.com
transistor.fm
trellix.com
tremendous.com
tria.ge
trueachievements.com
trueblackmetalradio.com
truthsocial.com
tsmc.com
ttwstatic.com
tunemymusic.com
turbobit.net
tuta.com
tuta.io
tutanota.com
tuya-inc.cn
tuya.com
tuyaaf.com
tuyacn.com
tuyaeu.com
tuyain.com
tuyaus.com
tvdevinfo.com
tvfreedom.io
tvrain.ru
tvrain.tv
tweetdeck.com
twimg.com
twin.me
twinlife-systems.com
twinme.com
twirpx.com
twitpic.com
twitter.biz
twitter.com
twitter.jp
twittercommunity.com
twitterflightschool.com
twitterinc.com
twitteroauth.com
twitterstat.us
twtrdns.net
twttr.com
twttr.net
twvid.com
tx.me
typing.com
u
uaudio.com
ubuntu-touch.io
ui.ill.in.ua
uizard.io
ukdevilz.com
ukr.net
ukr.radio
ukrainer.net
ukrinform.net
ukrtelcdn.net
unian.ua
unscreen.com
unsplash.com
upwork.com
urlr.me
usa.one
usatoday.com
use.typekit.net
userbenchmark.com
usercontent.dev
usher.ttvnw.net
utils.docs.rw
v
v.vrv.co
vagrantcloud.com
vd.samsungadhub.com
vecpea.com
veeam.com
verificationacademy.com
verstka.media
vesma.one
vesma.today
vesty.co.il
viber.com
vice.com
video.sacdnssedge.com
vine.co
vipergirls.to
visualcapitalist.com
vivo.com.cn
vmware.com
vndb.org
voanews.com
vod-fy.crunchyrollcdn.com
vod.streamgum.com
voidboost.cc
volkswagen-classic-parts.com
vot-tak.tv
vpngate.net
vpngen.org
vpnjantit.com
vpnlove.me
vpnpay.io
vrchat.cloud
vrchat.com
vyos.io
w.atwiki.jp
wa.me
walletbot.me
walmart.com
watchguard.com
watermarkremover.io
wayground.com
wbagora.com
wbgames.com
wbinsights.com
wdfiles.com
weather.com
webchannel-alkalimakersuite-pa.clients6.google.com
webmd.com
webnames.ca
webtoons.com
weebly.com
welt.de
wetransfer.com
whatsapp.biz
whatsapp.com
whatsapp.net
whoer.net
wide-youtube.l.google.com
widgetapp.stream
wiki.fextralife.com
wikidot.com
wilsoncenter.org
windows10spotlight.com
windowsupdate.com
windsurf.com
wise.com
wonderzine.com
wpengine.com
wunderground.com
wwnd.space
www.samsungotn.net
www3.corsair.com
x-minus.pro
x.ai
x.com
xda-developers.com
xdaforums.com
xhamster.com
xhamsterlive.com
xhcdn.com
xiaomi.eu
xnxx-cdn.com
xnxx-ru.com
xnxx.com
xnxx.net
xnxx.tv
xnxx3.com
xraycore.org
xrite.com
xsts.auth.xboxlive.com
xtracloud.net
xv-ru.com
xvideos-cdn.com
xvideos.com
yande.re
yarnpkg.com
yeggi.com
yle.fi
youngliving.com
youtrack.cloud
youtu.be
youtube-nocookie.com
youtube-ui.l.google.com
youtube.com
youtubeembeddedplayer.googleapis.com
youtubei.googleapis.com
youtubekids.com
yt-video-upload.l.google.com
yt.be
yt3.googleusercontent.com
ytimg.com
ytimg.l.google.com
yting.com
yummyani.me
z
zahav.ru
zapier.com
zaxid.net
zbigz.com
zedge.net
zendesk.com
zerkalo.io
zerossl.com
zerotier.com
zona.media
