account-public-service-prod03.ol.epicgames.com
account.samsung.com
accountportal-website-prod07.ol.epicgames.com
accounts.epicgames.com
aisandbox-pa.googleapis.com
aistudio.google.com
aitestkitchen.withgoogle.com
alkalimakersuite-pa.clients6.google.com
api.samsungadhub.com
apps.samsung.com
assistant-s3-pa.googleapis.com
catalog.sf.dl.delivery.mp.microsoft.com
docs.google.com
dreamerscast.com
drive.google.com
drive.usercontent.google.com
entitlement-public-service-prod08.ol.epicgames.com
gemini.google.com
generativelanguage.googleapis.com
googleusercontent.com
img-config.samsungapps.com
jules.google.com
labs.google
launcher-public-service-prod06.ol.epicgames.com
launcherwaitingroom-public-service-prod06.ol.epicgames.com
lcprd1.samsungadhub.com
log-config.samsungadhub.com
losslessclub.com
notebooklm.google.com
o.pki.goog
ott.samsungadhub.com
robinfrontend-pa.googleapis.com
rutracker.ru
samsungapps.com
samsungcloudsolution.com
samsungcloudsolution.net
samsungosp.com
stitch.withgoogle.com
vd.samsungadhub.com
video.sacdnssedge.com
webchannel-alkalimakersuite-pa.clients6.google.com
www.samsungotn.net